---
source: tests/rewrite.rs
expression: media_playlist_to_string(&playlist)
---
#EXTM3U
#EXT-X-VERSION:7
#EXT-X-TARGETDURATION:2
#EXT-X-MEDIA-SEQUENCE:15032
#EXT-X-MAP:URI="init-d3283d01f3a0a7ab39af8ce7d7fc7c1df734b493.m4s"
#EXT-X-PROGRAM-DATE-TIME:2025-10-23T11:50:23.455Z
#EXT-X-ORIGINAL-URI:https://chunk-gcp-us-east1-vop1.fastly.mux.com/v1/chunk/S9Kl4RiJTmzqwOsgJ9cDpqNQmt8OGwrg82ODlo6BbQ1kG01gg2HmJuXxSSpMZvLbte2ztif193JSEpzsE00Ypwh9wUKmSwld8u/15032.m4s?skid=default&signature=NjkwMzUzNDBfNzYxODljN2IxZDg0NmZkMmY3ZTBiYWI5MDQ2Y2YyYmQyNWYyNzI3Mzg1NTJiYTc4NDk4YTQ2MWEzOTVjNDNkZg==&zone=0
#EXT-X-ORIGINAL-MAP-URI:https://chunk-gcp-us-east1-vop1.fastly.mux.com/v1/chunk/S9Kl4RiJTmzqwOsgJ9cDpqNQmt8OGwrg82ODlo6BbQ1kG01gg2HmJuXxSSpMZvLbte2ztif193JSEpzsE00Ypwh9wUKmSwld8u/18446744073709551615.m4s?skid=default&signature=NjkwMzUzNDBfNmUyZGI3MjI2ZTU0N2JhMGYxNTkxY2IxMzAxNjEzZjE0NTM1OGI2MDg0MjNhYzYzNzNhNDc4YzU1ZDZkNmExMQ==&zone=0
#EXTINF:2,
segment-15032.m4s
#EXT-X-PROGRAM-DATE-TIME:2025-10-23T11:50:25.455Z
#EXT-X-ORIGINAL-URI:https://chunk-gcp-us-east1-vop1.fastly.mux.com/v1/chunk/S9Kl4RiJTmzqwOsgJ9cDpqNQmt8OGwrg82ODlo6BbQ1kG01gg2HmJuXxSSpMZvLbte2ztif193JSEpzsE00Ypwh9wUKmSwld8u/15033.m4s?skid=default&signature=NjkwMzUzNDBfZWVmOWMxZjYwMDYwNDA0MTdlMjA2ZDU2M2Y1NjAzNGI2ODQ5ZDcyYTc3YzRiN2ZjN2ZlNGQyYWFiMWYwN2UwNw==&zone=0
#EXTINF:2,
segment-15033.m4s
#EXT-X-PROGRAM-DATE-TIME:2025-10-23T11:50:27.455Z
#EXT-X-ORIGINAL-URI:https://chunk-gcp-us-east1-vop1.fastly.mux.com/v1/chunk/S9Kl4RiJTmzqwOsgJ9cDpqNQmt8OGwrg82ODlo6BbQ1kG01gg2HmJuXxSSpMZvLbte2ztif193JSEpzsE00Ypwh9wUKmSwld8u/15034.m4s?skid=default&signature=NjkwMzUzNDBfYzg3OGVlNjI4MjJmMmZjNmUwNzQyNWE1MGFlN2UwMGYxODJmY2YyODkzMjAwMDBiOGY1ZjFhNzU5MTFhODVkMQ==&zone=0
#EXTINF:2,
segment-15034.m4s
#EXT-X-PROGRAM-DATE-TIME:2025-10-23T11:50:29.455Z
#EXT-X-ORIGINAL-URI:https://chunk-gcp-us-east1-vop1.fastly.mux.com/v1/chunk/S9Kl4RiJTmzqwOsgJ9cDpqNQmt8OGwrg82ODlo6BbQ1kG01gg2HmJuXxSSpMZvLbte2ztif193JSEpzsE00Ypwh9wUKmSwld8u/15035.m4s?skid=default&signature=NjkwMzUzNDBfM2VmOTMxNTg5OTRkNWI0Y2EwZWI5N2IzZTFiZjE5N2ViMTdiYzBhN2FlNzg3YTU2YzcxYmRkMDdhYzQ0NWJlYQ==&zone=0
#EXTINF:2,
segment-15035.m4s
#EXT-X-PROGRAM-DATE-TIME:2025-10-23T11:50:31.455Z
#EXT-X-ORIGINAL-URI:https://chunk-gcp-us-east1-vop1.fastly.mux.com/v1/chunk/S9Kl4RiJTmzqwOsgJ9cDpqNQmt8OGwrg82ODlo6BbQ1kG01gg2HmJuXxSSpMZvLbte2ztif193JSEpzsE00Ypwh9wUKmSwld8u/15036.m4s?skid=default&signature=NjkwMzUzNDBfNzVkMDY2NzY3ZGI4Njg4MjAwZDMxZmM0NzRkNjQwMWNhYTUzZDQyMDA3OGZiNjdkYzFmYTEwOTFjOTAzY2IwZA==&zone=0
#EXTINF:2,
segment-15036.m4s
#EXT-X-PROGRAM-DATE-TIME:2025-10-23T11:50:33.455Z
#EXT-X-ORIGINAL-URI:https://chunk-gcp-us-east1-vop1.fastly.mux.com/v1/chunk/S9Kl4RiJTmzqwOsgJ9cDpqNQmt8OGwrg82ODlo6BbQ1kG01gg2HmJuXxSSpMZvLbte2ztif193JSEpzsE00Ypwh9wUKmSwld8u/15037.m4s?skid=default&signature=NjkwMzUzNDBfMDE1NDMyMDNiNzlhZjcxMTcxMWZhOTY5MTZiNzY0MmRlMWFkZTRhYjJiMjE3ZmI4MjA5YWJmZTlhYzY2YTVkMg==&zone=0
#EXTINF:2,
segment-15037.m4s
#EXT-X-PROGRAM-DATE-TIME:2025-10-23T11:50:35.455Z
#EXT-X-ORIGINAL-URI:https://chunk-gcp-us-east1-vop1.fastly.mux.com/v1/chunk/S9Kl4RiJTmzqwOsgJ9cDpqNQmt8OGwrg82ODlo6BbQ1kG01gg2HmJuXxSSpMZvLbte2ztif193JSEpzsE00Ypwh9wUKmSwld8u/15038.m4s?skid=default&signature=NjkwMzUzNDBfMzUzYzFmZDdmMzM3NTllNDcwMDdmNTQ0OTIxZTA2YjNhZTU5ZTU2NzBkM2NhZjFiMzIzZjYxZjc0NDU5NmI1ZA==&zone=0
#EXTINF:2,
segment-15038.m4s
#EXT-X-PROGRAM-DATE-TIME:2025-10-23T11:50:37.455Z
#EXT-X-ORIGINAL-URI:https://chunk-gcp-us-east1-vop1.fastly.mux.com/v1/chunk/S9Kl4RiJTmzqwOsgJ9cDpqNQmt8OGwrg82ODlo6BbQ1kG01gg2HmJuXxSSpMZvLbte2ztif193JSEpzsE00Ypwh9wUKmSwld8u/15039.m4s?skid=default&signature=NjkwMzUzNDBfNzM0ZjM0NmFmM2I2YTFkNjI3MzIxMzg5MWI0OWI4YWY0NmIxODI5YTFjZGI5ZWQ4MjNlNjE0NTQ2YTIwZGVmYQ==&zone=0
#EXTINF:2,
segment-15039.m4s
#EXT-X-PROGRAM-DATE-TIME:2025-10-23T11:50:39.455Z
#EXT-X-ORIGINAL-URI:https://chunk-gcp-us-east1-vop1.fastly.mux.com/v1/chunk/S9Kl4RiJTmzqwOsgJ9cDpqNQmt8OGwrg82ODlo6BbQ1kG01gg2HmJuXxSSpMZvLbte2ztif193JSEpzsE00Ypwh9wUKmSwld8u/15040.m4s?skid=default&signature=NjkwMzUzNDBfODFmNDhlMDg5YmYwNmE1ZGFhOGNkYjEwNmU4M2JjOTIzMTQzMDNlOTRkMWIzYTQwMTY3YzVhMTM2N2RkY2Q1OA==&zone=0
#EXTINF:2,
segment-15040.m4s
#EXT-X-PROGRAM-DATE-TIME:2025-10-23T11:50:41.455Z
#EXT-X-ORIGINAL-URI:https://chunk-gcp-us-east1-vop1.fastly.mux.com/v1/chunk/S9Kl4RiJTmzqwOsgJ9cDpqNQmt8OGwrg82ODlo6BbQ1kG01gg2HmJuXxSSpMZvLbte2ztif193JSEpzsE00Ypwh9wUKmSwld8u/15041.m4s?skid=default&signature=NjkwMzUzNDBfNjAwN2Q2YmMxMTU1YzhhM2ZkMzkxZmQwOTc5YmMwODc4YTNiY2Y4YWJhMzkzMWY3OTc3ZTJjYWY3NTI4MDVmOQ==&zone=0
#EXTINF:2,
segment-15041.m4s
